// Jest Snapshot v1, https://goo.gl/fbAQLP

exports[`Login component test should render correctly 1`] = `
<div
  className="w-1/2 h-1/2 rounded-2xl flex flex-col overflow-hidden bg-white"
  onClick={[Function]}
>
  <div
    className="flex items-center justify-between px-8 py-4 bg-secondary"
  >
    <p>
      Login / Register
    </p>
  </div>
  <div
    className="flex flex-1 flex-col px-8 py-4 border-y gap-8"
  >
    <div>
      <p>
        Nama
      </p>
      <input
        className="w-full focus:outline-none rounded-md py-2 px-4 border py-3 mt-2"
        placeholder="Type a message"
        type="text"
      />
    </div>
    <div>
      <p>
        Nomor Handphone
      </p>
      <input
        className="w-full focus:outline-none rounded-md py-2 px-4 border py-3 mt-2"
        placeholder="Type a message"
        type="text"
      />
    </div>
  </div>
  <div
    className="flex items-center justify-end px-8 py-4"
  >
    <button
      className="flex items-center justify-center w-32 h-12 rounded-lg bg-secondary"
    >
      <p>
        Login
      </p>
    </button>
  </div>
</div>
`;
